Fetching PVE cluster nodes...

[Success] Fetched Cluster Nodes Successfully!
--------------------------------------------------------------------------------
[0] Node: pve3   | Status: online | Real CPU:  0.00% (0 Cores) | Mem:  8.23GB / 31.35GB (26.27%)
[1] Node: pve2   | Status: online | Real CPU:  0.00% (0 Cores) | Mem:  2.81GB / 15.62GB (17.97%)
[2] Node: pve1   | Status: online | Real CPU:  0.00% (0 Cores) | Mem: 15.39GB / 31.35GB (49.08%)

Fetching PVE cluster virtual machines...

[Success] Fetched VM List Successfully!
--------------------------------------------------------------------------------

[Telemetry] Displaying top 3 high-risk VM workloads (Sorted by CPU):

[Cluster Workload Health Summary] - Generated at: 2026-06-22 11:46:26
Total Running VMs in Cluster : 4 🟢
Total Stopped VMs in Cluster : 9 🔴
--------------------------------------------------------------------------------
🚀 Launching pvectl [doctor] triage routine...
Fetching PVE cluster nodes...

[Success] Fetched Cluster Nodes Successfully!
--------------------------------------------------------------------------------
[0] Node: pve3   | Status: online | Real CPU:  0.00% (0 Cores) | Mem:  8.17GB / 31.35GB (26.05%)
[1] Node: pve2   | Status: online | Real CPU: 11.88% (0 Cores) | Mem:  2.75GB / 15.62GB (17.60%)
[2] Node: pve1   | Status: online | Real CPU: 26.23% (0 Cores) | Mem: 15.43GB / 31.35GB (49.23%)

Fetching PVE cluster virtual machines...

[Success] Fetched VM List Successfully!
--------------------------------------------------------------------------------

[Telemetry] Displaying top 1 high-risk VM workloads (Sorted by CPU):

[Cluster Workload Health Summary] - Generated at: 2026-06-22 17:02:32
Total Running VMs in Cluster : 4 🟢
Total Stopped VMs in Cluster : 9 🔴
--------------------------------------------------------------------------------
Launching pvectl [doctor] triage routine...
Fetching PVE cluster nodes...

[Success] Fetched Cluster Nodes Successfully!
--------------------------------------------------------------------------------
[0] Node: pve3   | Status: online | Real CPU:  0.00% (0 Cores) | Mem:  7.97GB / 31.35GB (25.44%)
[1] Node: pve2   | Status: online | Real CPU:  6.11% (0 Cores) | Mem:  2.66GB / 15.62GB (17.06%)
[2] Node: pve1   | Status: online | Real CPU: 29.21% (0 Cores) | Mem: 15.32GB / 31.35GB (48.87%)

Fetching PVE cluster virtual machines...

[Success] Fetched VM List Successfully!
--------------------------------------------------------------------------------

[Telemetry] Displaying top 1 high-risk VM workloads (Sorted by CPU):

[Cluster Workload Health Summary] - Generated at: 2026-06-22 17:03:01
Total Running VMs in Cluster : 4 🟢
Total Stopped VMs in Cluster : 9 🔴
--------------------------------------------------------------------------------
[ERROR] Unknown tactical subcommand 'crash'. Execute 'pvectl' for operational help.
Launching pvectl [doctor] triage routine...
Fetching PVE cluster nodes...

[Success] Fetched Cluster Nodes Successfully!
--------------------------------------------------------------------------------
[0] Node: pve3   | Status: online | Real CPU: 38.37% (0 Cores) | Mem:  8.18GB / 31.35GB (26.10%)
[1] Node: pve2   | Status: online | Real CPU:  0.00% (0 Cores) | Mem:  2.74GB / 15.62GB (17.52%)
[2] Node: pve1   | Status: online | Real CPU: 22.09% (0 Cores) | Mem: 15.52GB / 31.35GB (49.50%)

Fetching PVE cluster virtual machines...

[Success] Fetched VM List Successfully!
--------------------------------------------------------------------------------

[Telemetry] Displaying top 1 high-risk VM workloads (Sorted by CPU):

[Cluster Workload Health Summary] - Generated at: 2026-06-22 17:03:29
Total Running VMs in Cluster : 4 🟢
Total Stopped VMs in Cluster : 9 🔴
--------------------------------------------------------------------------------
